 |residual|^2 =   3.8537971962279701E-017
 |residual|^2 =   8.8703153612932340E-017
 |residual|^2 =   1.0236183048509514E-019
 |residual|^2 =   5.8976572513396473E-017
 |residual|^2 =   7.6036880309495610E-019
 |residual|^2 =   8.4166422293741082E-021
 |residual|^2 =   1.0431959633338871E-017
 |residual|^2 =   5.2874722429556530E-018
 |residual|^2 =   9.4105034511271564E-017
 |residual|^2 =   2.7526800265399470E-017
 |residual|^2 =   1.2174747848528956E-017
 |residual|^2 =   1.5768358792032624E-017
 |residual|^2 =   1.1113339496609819E-017
 |residual|^2 =   4.3762733796016484E-017
 |residual|^2 =   3.6904334570288897E-017
 |residual|^2 =   1.1563710161199625E-018
 |residual|^2 =   4.6001323406519385E-018
 |residual|^2 =   9.8455819257448763E-018
 |residual|^2 =   8.2466919400363751E-017
 |residual|^2 =   3.9294011464198094E-017
 |residual|^2 =   1.0501394642302718E-017
 |residual|^2 =   1.8172072777846383E-017
 |residual|^2 =   2.0780763507587241E-017
 |residual|^2 =   4.3515885842450813E-017
 |residual|^2 =   5.4078309529614508E-018
 |residual|^2 =   2.1521115414713628E-017
 |residual|^2 =   3.6160745223284403E-018
 |residual|^2 =   7.4121404307817490E-017
 |residual|^2 =   9.8034118604585606E-017
 |residual|^2 =   2.4561061271145668E-017
 |residual|^2 =   1.7645490404510082E-017
 |residual|^2 =   8.6232839775413791E-018
 |residual|^2 =   8.7844169213119101E-017
 |residual|^2 =   7.8154842653810708E-017
 |residual|^2 =   3.7990083914345741E-018
 |residual|^2 =   5.3274701678858979E-017
 |residual|^2 =   7.3071087665162118E-017
 |residual|^2 =   6.2888299504233562E-018
 |residual|^2 =   6.0428801231076385E-018
 |residual|^2 =   1.9114559170168965E-018
 |residual|^2 =   3.2920202153386648E-017
 |residual|^2 =   9.9377296611311008E-017
 |residual|^2 =   1.2053808647150621E-017
 |residual|^2 =   9.6959569894068731E-017
 |residual|^2 =   7.1792661887731592E-017
 |residual|^2 =   1.4321559444024436E-017
 |residual|^2 =   6.5099211157751424E-018
 |residual|^2 =   4.9117029609348683E-018
 |residual|^2 =   9.4923271984791993E-018
 |residual|^2 =   6.5958259349744627E-017
 |residual|^2 =   3.5097437873636029E-017
 |residual|^2 =   6.3328255551249053E-017
 |residual|^2 =   2.2165268368382472E-017
 |residual|^2 =   3.9510952454882914E-017
 |residual|^2 =   3.3787101960447694E-017
 |residual|^2 =   1.7834063677692873E-018
 |residual|^2 =   3.0030664911729135E-017
 |residual|^2 =   7.4422611522429633E-017
 |residual|^2 =   3.7169831391664678E-017
 |residual|^2 =   3.6750842474588592E-017
 |residual|^2 =   9.8190870362862115E-017
 |residual|^2 =   1.2617731985934981E-017
 |residual|^2 =   8.1007918426624777E-017
 |residual|^2 =   5.0812706217470710E-017
 |residual|^2 =   5.0237543918815336E-017
 |residual|^2 =   9.3295100226847023E-018
 |residual|^2 =   7.0749423465882275E-017
 |residual|^2 =   3.4624325435179456E-018
 |residual|^2 =   8.7439235409607245E-018
 |residual|^2 =   3.8472553215298118E-018
 |residual|^2 =   7.1184270988191509E-018
 |residual|^2 =   1.4398410150747347E-017
 |residual|^2 =   2.6444229713611324E-017
 |residual|^2 =   2.9337114783791488E-017
 |residual|^2 =   3.5459768500165840E-017
 |residual|^2 =   7.6754086801312657E-017
 |residual|^2 =   2.7224296981112575E-017
 |residual|^2 =   7.3501967156465752E-018
 |residual|^2 =   9.4421589443686451E-018
 |residual|^2 =   5.0905285046602047E-017
 |residual|^2 =   3.1634858517871349E-018
 |residual|^2 =   4.2238256783683560E-017
 |residual|^2 =   1.5940896965545518E-017
 |residual|^2 =   6.6916981031886775E-019
 |residual|^2 =   5.6246377647680190E-018
 |residual|^2 =   1.9458996499754430E-017
 |residual|^2 =   2.6097068649347335E-017
 |residual|^2 =   3.8119670837284258E-017
 |residual|^2 =   3.9059181677699083E-017
 |residual|^2 =   4.6010963710514689E-017
 |residual|^2 =   1.5592652613165438E-017
 |residual|^2 =   9.2672512753161591E-018
 |residual|^2 =   7.9489196738022557E-017
 |residual|^2 =   3.0426278806826902E-017
 |residual|^2 =   1.2055645513754379E-017
 |residual|^2 =   8.4922534044937806E-018
 |residual|^2 =   2.2024734862145567E-017
 |residual|^2 =   4.2386487213676775E-018
 |residual|^2 =   2.7338068577032046E-018
 |residual|^2 =   8.1873754947891819E-017
